d:\github\opengl-project---spongebob\spg_proiect\spg_proiect\x64\debug\vc143.pdb
d:\github\opengl-project---spongebob\spg_proiect\spg_proiect\x64\debug\vc143.idb
d:\github\opengl-project---spongebob\spg_proiect\spg_proiect\x64\debug\world_objects.obj
d:\github\opengl-project---spongebob\spg_proiect\spg_proiect\x64\debug\texture.obj
d:\github\opengl-project---spongebob\spg_proiect\spg_proiect\x64\debug\terrain.obj
d:\github\opengl-project---spongebob\spg_proiect\spg_proiect\x64\debug\skybox.obj
d:\github\opengl-project---spongebob\spg_proiect\spg_proiect\x64\debug\model_loader.obj
d:\github\opengl-project---spongebob\spg_proiect\spg_proiect\x64\debug\main.obj
d:\github\opengl-project---spongebob\spg_proiect\spg_proiect\x64\debug\camera.obj
d:\github\opengl-project---spongebob\spg_proiect\x64\debug\spg_proiect.exe
d:\github\opengl-project---spongebob\spg_proiect\x64\debug\spg_proiect.pdb
d:\github\opengl-project---spongebob\spg_proiect\spg_proiect\x64\debug\spg_proiect.ilk
d:\github\opengl-project---spongebob\spg_proiect\spg_proiect\x64\debug\spg_proiect.tlog\cl.command.1.tlog
d:\github\opengl-project---spongebob\spg_proiect\spg_proiect\x64\debug\spg_proiect.tlog\cl.items.tlog
d:\github\opengl-project---spongebob\spg_proiect\spg_proiect\x64\debug\spg_proiect.tlog\cl.read.1.tlog
d:\github\opengl-project---spongebob\spg_proiect\spg_proiect\x64\debug\spg_proiect.tlog\cl.write.1.tlog
d:\github\opengl-project---spongebob\spg_proiect\spg_proiect\x64\debug\spg_proiect.tlog\link.command.1.tlog
d:\github\opengl-project---spongebob\spg_proiect\spg_proiect\x64\debug\spg_proiect.tlog\link.read.1.tlog
d:\github\opengl-project---spongebob\spg_proiect\spg_proiect\x64\debug\spg_proiect.tlog\link.secondary.1.tlog
d:\github\opengl-project---spongebob\spg_proiect\spg_proiect\x64\debug\spg_proiect.tlog\link.write.1.tlog
